  FORT LEE @0 failed: HTTP Error 504: Gateway Timeout
FORT LEE (BERGEN): 0 parcels
  EDGEWATER @0 failed: HTTP Error 504: Gateway Timeout
EDGEWATER (BERGEN): 0 parcels
  ENGLEWOOD @0 failed: HTTP Error 504: Gateway Timeout
ENGLEWOOD (BERGEN): 0 parcels
  ENGLEWOOD CLIFFS @0 failed: HTTP Error 504: Gateway Timeout
ENGLEWOOD CLIFFS (BERGEN): 0 parcels
  CLIFFSIDE PARK @0 failed: HTTP Error 504: Gateway Timeout
CLIFFSIDE PARK (BERGEN): 0 parcels
  FAIRVIEW @0 failed: HTTP Error 504: Gateway Timeout
FAIRVIEW (BERGEN): 0 parcels
  PALISADES PARK @0 failed: HTTP Error 504: Gateway Timeout
PALISADES PARK (BERGEN): 0 parcels
  LEONIA @0 failed: HTTP Error 504: Gateway Timeout
LEONIA (BERGEN): 0 parcels
  RIDGEFIELD @0 failed: HTTP Error 504: Gateway Timeout
RIDGEFIELD (BERGEN): 0 parcels
  HACKENSACK @0 failed: HTTP Error 504: Gateway Timeout
HACKENSACK (BERGEN): 0 parcels
  TEANECK @0 failed: HTTP Error 504: Gateway Timeout
TEANECK (BERGEN): 0 parcels
  BOGOTA @0 failed: HTTP Error 504: Gateway Timeout
BOGOTA (BERGEN): 0 parcels
NORTH BERGEN (HUDSON): 1134 parcels
  WEST NEW YORK @0 failed: HTTP Error 504: Gateway Timeout
WEST NEW YORK (HUDSON): 0 parcels
UNION CITY (HUDSON): 0 parcels
WEEHAWKEN (HUDSON): 0 parcels
GUTTENBERG (HUDSON): 0 parcels
qualified 318 | vacant 71 | redev 247 | new 0
